<?xml version="1.0" encoding="utf-8"?><testsuites name="pytest tests"><testsuite name="pytest" errors="0" failures="0" skipped="0" tests="251" time="302.117" timestamp="2026-09-22T13:32:53.759833+08:00" hostname="tanshitaodeMacBook-Pro.local"><testcase classname="tests.integration.test_analytics_api" name="test_dashboard_stats_success" time="4.227" /><testcase classname="tests.integration.test_analytics_api" name="test_dashboard_stats_no_cartesian_product" time="1.220" /><testcase classname="tests.integration.test_analytics_api" name="test_dashboard_chart_data_success" time="0.938" /><testcase classname="tests.integration.test_analytics_api" name="test_consumption_trend_success" time="1.112" /><testcase classname="tests.integration.test_analytics_api" name="test_consumption_trend_default_dates" time="1.132" /><testcase classname="tests.integration.test_analytics_api" name="test_top_customers_success" time="0.885" /><testcase classname="tests.integration.test_analytics_api" name="test_device_distribution_success" time="0.907" /><testcase classname="tests.integration.test_analytics_api" name="test_payment_analysis_success" time="0.918" /><testcase classname="tests.integration.test_analytics_api" name="test_invoice_status_success" time="0.958" /><testcase classname="tests.integration.test_analytics_api" name="test_health_stats_success" time="1.055" /><testcase classname="tests.integration.test_analytics_api" name="test_warning_list_success" time="0.936" /><testcase classname="tests.integration.test_analytics_api" name="test_warning_list_default_threshold" time="0.977" /><testcase classname="tests.integration.test_analytics_api" name="test_inactive_list_success" time="0.892" /><testcase classname="tests.integration.test_analytics_api" name="test_industry_distribution_success" time="1.014" /><testcase classname="tests.integration.test_analytics_api" name="test_scale_stats_success" time="1.589" /><testcase classname="tests.integration.test_analytics_api" name="test_consume_level_stats_success" time="1.175" /><testcase classname="tests.integration.test_analytics_api" name="test_real_estate_stats_success" time="0.915" /><testcase classname="tests.integration.test_analytics_api" name="test_prediction_monthly_success" time="0.903" /><testcase classname="tests.integration.test_analytics_api" name="test_prediction_monthly_default" time="1.017" /><testcase classname="tests.integration.test_analytics_api" name="test_analytics_unauthorized" time="3.326" /><testcase classname="tests.integration.test_analytics_api.TestBalanceTrendApi" name="test_get_balance_trend_success" time="1.805" /><testcase classname="tests.integration.test_analytics_api.TestBalanceTrendApi" name="test_get_balance_trend_invalid_customer" time="1.488" /><testcase classname="tests.integration.test_analytics_api.TestBalanceTrendApi" name="test_get_balance_trend_with_months_param" time="2.582" /><testcase classname="tests.integration.test_analytics_api.TestCustomerHealthScoreApi" name="test_get_health_score_success" time="1.240" /><testcase classname="tests.integration.test_analytics_api.TestCustomerHealthScoreApi" name="test_get_health_score_not_found" time="1.017" /><testcase classname="tests.integration.test_analytics_api.TestCustomerHealthScoreApi" name="test_get_health_score_unauthorized" time="0.720" /><testcase classname="tests.integration.test_api" name="test_health_check" time="0.600" /><testcase classname="tests.integration.test_api" name="test_login_success" time="1.189" /><testcase classname="tests.integration.test_api" name="test_login_invalid_credentials" time="0.801" /><testcase classname="tests.integration.test_api" name="test_get_customers_list" time="1.713" /><testcase classname="tests.integration.test_api" name="test_get_billing_balance" time="1.959" /><testcase classname="tests.integration.test_audit_helpers_db.TestCreateAuditEntry" name="test_create_standard_audit_entry" time="0.131" /><testcase classname="tests.integration.test_audit_helpers_db.TestCreateAuditEntry" name="test_create_batch_audit_entry" time="0.135" /><testcase classname="tests.integration.test_audit_helpers_db.TestCreateAuditEntry" name="test_create_sensitive_audit_entry" time="0.124" /><testcase classname="tests.integration.test_audit_logs_api" name="test_list_audit_logs_success" time="0.682" /><testcase classname="tests.integration.test_audit_logs_api" name="test_list_audit_logs_with_filters" time="0.614" /><testcase classname="tests.integration.test_audit_logs_api" name="test_get_audit_actions_success" time="0.698" /><testcase classname="tests.integration.test_audit_logs_api" name="test_get_audit_modules_success" time="0.735" /><testcase classname="tests.integration.test_auth_api" name="test_login_success" time="1.312" /><testcase classname="tests.integration.test_auth_api" name="test_login_wrong_password" time="1.337" /><testcase classname="tests.integration.test_auth_api" name="test_login_user_not_found" time="1.018" /><testcase classname="tests.integration.test_auth_api" name="test_refresh_token_success" time="1.603" /><testcase classname="tests.integration.test_auth_api" name="test_refresh_token_invalid" time="0.689" /><testcase classname="tests.integration.test_auth_api" name="test_logout_success" time="1.719" /><testcase classname="tests.integration.test_auth_api" name="test_get_me_success" time="1.616" /><testcase classname="tests.integration.test_auth_api" name="test_auth_middleware_exception_returns_json_500" time="0.106" /><testcase classname="tests.integration.test_billing_api" name="test_get_balances_list" time="0.668" /><testcase classname="tests.integration.test_billing_api" name="test_get_balances_filter_is_real_estate_true" time="0.740" /><testcase classname="tests.integration.test_billing_api" name="test_get_balances_filter_is_real_estate_false" time="0.735" /><testcase classname="tests.integration.test_billing_api" name="test_get_balances_filter_settlement_type_prepaid" time="1.147" /><testcase classname="tests.integration.test_billing_api" name="test_get_balances_filter_settlement_type_postpaid" time="0.681" /><testcase classname="tests.integration.test_billing_api" name="test_get_balances_filter_combined" time="0.892" /><testcase classname="tests.integration.test_billing_api" name="test_get_customer_balance_exists" time="0.696" /><testcase classname="tests.integration.test_billing_api" name="test_get_customer_balance_not_exists" time="0.638" /><testcase classname="tests.integration.test_billing_api" name="test_balance_stats_this_month_amount_includes_bonus" time="1.101" /><testcase classname="tests.integration.test_billing_api" name="test_balance_stats_this_month_amount_multiple_recharges" time="2.264" /><testcase classname="tests.integration.test_billing_api" name="test_balance_stats_total_balance" time="1.184" /><testcase classname="tests.integration.test_billing_api" name="test_balance_stats_low_balance_count" time="1.760" /><testcase classname="tests.integration.test_billing_api" name="test_recharge_success" time="0.788" /><testcase classname="tests.integration.test_billing_api" name="test_recharge_missing_customer_id" time="0.609" /><testcase classname="tests.integration.test_billing_api" name="test_recharge_zero_amount" time="0.671" /><testcase classname="tests.integration.test_billing_api" name="test_recharge_negative_amount_no_bonus" time="0.695" /><testcase classname="tests.integration.test_billing_api" name="test_recharge_negative_amount_negative_bonus" time="0.702" /><testcase classname="tests.integration.test_billing_api" name="test_recharge_negative_amount_positive_bonus" time="0.666" /><testcase classname="tests.integration.test_billing_api" name="test_get_invoices_list" time="0.744" /><testcase classname="tests.integration.test_billing_api" name="test_get_invoices_sort_by_total_amount_asc" time="0.670" /><testcase classname="tests.integration.test_billing_api" name="test_get_invoices_sort_by_total_amount_desc" time="0.726" /><testcase classname="tests.integration.test_billing_api" name="test_get_invoices_sort_by_invoice_no" time="0.750" /><testcase classname="tests.integration.test_billing_api" name="test_get_invoices_sort_by_final_amount_desc" time="0.825" /><testcase classname="tests.integration.test_billing_api" name="test_get_invoices_sort_by_created_at_desc" time="1.302" /><testcase classname="tests.integration.test_billing_api" name="test_get_invoices_invalid_sort_order_fallback" time="0.789" /><testcase classname="tests.integration.test_billing_api" name="test_generate_invoice_success" time="0.836" /><testcase classname="tests.integration.test_billing_api" name="test_generate_invoice_empty_items" time="0.872" /><testcase classname="tests.integration.test_billing_api" name="test_invoice_workflow_full" time="2.482" /><testcase classname="tests.integration.test_billing_api" name="test_submit_invoice_invalid_state" time="1.967" /><testcase classname="tests.integration.test_billing_api" name="test_confirm_invoice_invalid_state" time="1.319" /><testcase classname="tests.integration.test_billing_api" name="test_pay_invoice_invalid_state" time="1.436" /><testcase classname="tests.integration.test_billing_api" name="test_complete_invoice_insufficient_balance" time="2.828" /><testcase classname="tests.integration.test_billing_api" name="test_get_invoice_detail" time="1.219" /><testcase classname="tests.integration.test_billing_api" name="test_get_invoice_not_found" time="1.916" /><testcase classname="tests.integration.test_billing_api" name="test_apply_discount" time="1.555" /><testcase classname="tests.integration.test_billing_api" name="test_delete_invoice" time="1.555" /><testcase classname="tests.integration.test_billing_api" name="test_cancel_invoice_success" time="2.995" /><testcase classname="tests.integration.test_billing_api" name="test_cancel_invoice_wrong_state" time="3.033" /><testcase classname="tests.integration.test_billing_api" name="test_get_recharge_records" time="0.679" /><testcase classname="tests.integration.test_billing_api" name="test_get_consumption_records" time="0.645" /><testcase classname="tests.integration.test_billing_api" name="test_get_pricing_rules" time="0.696" /><testcase classname="tests.integration.test_billing_api" name="test_create_pricing_rule" time="0.714" /><testcase classname="tests.integration.test_billing_api" name="test_create_pricing_rule_rejects_non_zero_first_tier_min" time="0.872" /><testcase classname="tests.integration.test_billing_api" name="test_update_pricing_rule_rejects_non_zero_first_tier_min" time="1.803" /><testcase classname="tests.integration.test_billing_api" name="test_unauthorized_access" time="1.883" /><testcase classname="tests.integration.test_billing_api" name="test_invalid_token" time="0.989" /><testcase classname="tests.integration.test_billing_api" name="test_check_pricing_rule_conflict_has_conflict" time="1.386" /><testcase classname="tests.integration.test_billing_api" name="test_check_pricing_rule_conflict_no_conflict" time="1.333" /><testcase classname="tests.integration.test_billing_import_export_api" name="test_export_balances_success" time="0.903" /><testcase classname="tests.integration.test_billing_import_export_api" name="test_export_balances_no_matching_data" time="0.733" /><testcase classname="tests.integration.test_billing_import_export_api" name="test_export_balances_forbidden_without_permission" time="0.752" /><testcase classname="tests.integration.test_billing_import_export_api" name="test_import_balances_forbidden_without_permission" time="1.184" /><testcase classname="tests.integration.test_billing_import_export_api" name="test_import_balances_from_downloaded_template" time="3.258" /><testcase classname="tests.integration.test_billing_import_export_api" name="test_pricing_rule_import_template_download" time="1.115" /><testcase classname="tests.integration.test_billing_import_export_api" name="test_import_pricing_rules_from_downloaded_template" time="1.568" /><testcase classname="tests.integration.test_billing_import_export_api" name="test_import_pricing_rules_success_and_row_error" time="1.334" /><testcase classname="tests.integration.test_billing_import_export_api" name="test_import_pricing_rules_tiered" time="0.965" /><testcase classname="tests.integration.test_billing_import_export_api" name="test_import_pricing_rules_missing_required_column" time="1.283" /><testcase classname="tests.integration.test_billing_import_export_api" name="test_import_pricing_rules_invalid_tiers_json" time="2.643" /><testcase classname="tests.integration.test_billing_import_export_api" name="test_import_pricing_rules_rejects_non_zero_first_tier_min" time="1.457" /><testcase classname="tests.integration.test_billing_import_export_api" name="test_import_pricing_rules_forbidden_without_permission" time="3.234" /><testcase classname="tests.integration.test_billing_import_export_api" name="test_export_pricing_rules_success" time="2.308" /><testcase classname="tests.integration.test_billing_import_export_api" name="test_export_pricing_rules_date_round_trip" time="3.779" /><testcase classname="tests.integration.test_billing_import_export_api" name="test_export_pricing_rules_forbidden_without_permission" time="0.745" /><testcase classname="tests.integration.test_billing_import_export_api" name="test_package_plan_import_template_download" time="0.802" /><testcase classname="tests.integration.test_billing_import_export_api" name="test_import_package_plans_from_downloaded_template" time="1.633" /><testcase classname="tests.integration.test_billing_import_export_api" name="test_import_package_plans_success" time="0.769" /><testcase classname="tests.integration.test_billing_import_export_api" name="test_import_package_plans_duplicate_type" time="0.823" /><testcase classname="tests.integration.test_billing_import_export_api" name="test_import_package_plans_missing_required_column" time="0.806" /><testcase classname="tests.integration.test_billing_import_export_api" name="test_import_package_plans_invalid_base_fee" time="0.869" /><testcase classname="tests.integration.test_billing_import_export_api" name="test_export_package_plans_success" time="1.414" /><testcase classname="tests.integration.test_billing_import_export_api" name="test_import_package_plans_forbidden_without_permission" time="0.733" /><testcase classname="tests.integration.test_billing_import_export_api" name="test_export_package_plans_forbidden_without_permission" time="0.856" /><testcase classname="tests.integration.test_billing_import_export_api" name="test_invoice_import_template_download" time="1.161" /><testcase classname="tests.integration.test_billing_import_export_api" name="test_import_invoices_from_downloaded_template" time="1.801" /><testcase classname="tests.integration.test_billing_import_export_api" name="test_import_invoices_success_as_draft" time="1.111" /><testcase classname="tests.integration.test_billing_import_export_api" name="test_import_invoices_row_errors" time="0.842" /><testcase classname="tests.integration.test_billing_import_export_api" name="test_import_invoices_duplicate_invoice_no" time="1.748" /><testcase classname="tests.integration.test_billing_import_export_api" name="test_import_invoices_row_db_error_isolation" time="0.800" /><testcase classname="tests.integration.test_billing_import_export_api" name="test_import_invoices_forbidden_without_permission" time="0.848" /><testcase classname="tests.integration.test_billing_import_export_api" name="test_import_pricing_rules_requires_device_and_layer_for_non_package" time="0.828" /><testcase classname="tests.integration.test_billing_import_export_api" name="test_balances_list_excludes_customer_without_archive" time="0.887" /><testcase classname="tests.integration.test_cooperation_status_routes.TestGetCooperationStatuses" name="test_requires_auth" time="1.295" /><testcase classname="tests.integration.test_cooperation_status_routes.TestGetCooperationStatuses" name="test_returns_success" time="1.016" /><testcase classname="tests.integration.test_cooperation_status_routes.TestCreateCooperationStatus" name="test_requires_auth" time="0.997" /><testcase classname="tests.integration.test_cooperation_status_routes.TestCreateCooperationStatus" name="test_creates_success" time="0.956" /><testcase classname="tests.integration.test_cooperation_status_routes.TestCreateCooperationStatus" name="test_validates_required_fields" time="2.630" /><testcase classname="tests.integration.test_cooperation_status_routes.TestCreateCooperationStatus" name="test_prevents_duplicate_name" time="1.338" /><testcase classname="tests.integration.test_cooperation_status_routes.TestCreateCooperationStatus" name="test_prevents_duplicate_value" time="1.377" /><testcase classname="tests.integration.test_cooperation_status_routes.TestUpdateCooperationStatus" name="test_requires_auth" time="0.862" /><testcase classname="tests.integration.test_cooperation_status_routes.TestUpdateCooperationStatus" name="test_updates_success" time="1.819" /><testcase classname="tests.integration.test_cooperation_status_routes.TestUpdateCooperationStatus" name="test_returns_404_for_not_found" time="0.878" /><testcase classname="tests.integration.test_cooperation_status_routes.TestUpdateCooperationStatus" name="test_validates_required_fields" time="1.616" /><testcase classname="tests.integration.test_cooperation_status_routes.TestUpdateCooperationStatus" name="test_prevents_duplicate_name" time="2.477" /><testcase classname="tests.integration.test_cooperation_status_routes.TestUpdateCooperationStatus" name="test_prevents_duplicate_value" time="2.377" /><testcase classname="tests.integration.test_cooperation_status_routes.TestDeleteCooperationStatus" name="test_requires_auth" time="2.892" /><testcase classname="tests.integration.test_cooperation_status_routes.TestDeleteCooperationStatus" name="test_deletes_success" time="1.488" /><testcase classname="tests.integration.test_cooperation_status_routes.TestDeleteCooperationStatus" name="test_returns_404_for_not_found" time="0.677" /><testcase classname="tests.integration.test_correlation_middleware" name="test_success_response_has_request_id" time="0.627" /><testcase classname="tests.integration.test_correlation_middleware" name="test_passes_through_client_request_id" time="0.599" /><testcase classname="tests.integration.test_correlation_middleware" name="test_unauthorized_response_has_request_id" time="0.648" /><testcase classname="tests.integration.test_correlation_middleware" name="test_request_logs_share_request_id" time="0.634" /><testcase classname="tests.integration.test_correlation_middleware" name="test_middleware_injects_request_id_before_auth" time="0.581" /><testcase classname="tests.integration.test_customers_api" name="test_list_customers_success" time="0.796" /><testcase classname="tests.integration.test_customers_api" name="test_list_customers_usage_30d_cache_hit" time="0.762" /><testcase classname="tests.integration.test_customers_api" name="test_list_customers_with_filters" time="0.746" /><testcase classname="tests.integration.test_customers_api" name="test_list_customers_pagination" time="0.767" /><testcase classname="tests.integration.test_customers_api" name="test_get_customer_success" time="0.759" /><testcase classname="tests.integration.test_customers_api" name="test_get_customer_not_found" time="0.698" /><testcase classname="tests.integration.test_customers_api" name="test_create_customer_success" time="0.757" /><testcase classname="tests.integration.test_customers_api" name="test_create_customer_missing_required_fields" time="0.664" /><testcase classname="tests.integration.test_customers_api" name="test_create_customer_invalid_email" time="0.614" /><testcase classname="tests.integration.test_customers_api" name="test_update_customer_success" time="0.764" /><testcase classname="tests.integration.test_customers_api" name="test_update_customer_not_found" time="0.616" /><testcase classname="tests.integration.test_customers_api" name="test_delete_customer_success" time="0.805" /><testcase classname="tests.integration.test_customers_api" name="test_delete_customer_not_found" time="0.644" /><testcase classname="tests.integration.test_customers_api" name="test_get_customer_profile_success" time="0.754" /><testcase classname="tests.integration.test_customers_api" name="test_get_customer_profile_not_found" time="0.710" /><testcase classname="tests.integration.test_customers_api" name="test_update_customer_profile_success" time="1.393" /><testcase classname="tests.integration.test_customers_api" name="test_update_customer_profile_not_found" time="1.739" /><testcase classname="tests.integration.test_customers_api" name="test_download_import_template" time="0.743" /><testcase classname="tests.integration.test_customers_api" name="test_download_import_template_field_structure" time="0.739" /><testcase classname="tests.integration.test_customers_api" name="test_download_import_template_header_count" time="0.638" /><testcase classname="tests.integration.test_customers_api" name="test_download_import_template_unauthorized" time="0.595" /><testcase classname="tests.integration.test_customers_api" name="test_download_import_template_no_import_permission" time="1.600" /><testcase classname="tests.integration.test_customers_api" name="test_import_customers_success" time="0.682" /><testcase classname="tests.integration.test_customers_api" name="test_import_customers_from_downloaded_template" time="1.127" /><testcase classname="tests.integration.test_customers_api" name="test_import_customers_missing_file" time="0.604" /><testcase classname="tests.integration.test_customers_api" name="test_import_customers_wrong_format" time="0.616" /><testcase classname="tests.integration.test_customers_api" name="test_import_customers_missing_columns" time="0.645" /><testcase classname="tests.integration.test_customers_api" name="test_import_customers_with_template_notes_row" time="0.670" /><testcase classname="tests.integration.test_customers_api" name="test_import_customers_invalid_email_should_fail" time="0.660" /><testcase classname="tests.integration.test_customers_api" name="test_import_customers_empty_required_fields" time="0.669" /><testcase classname="tests.integration.test_customers_api" name="test_import_customers_duplicate_company_id" time="0.683" /><testcase classname="tests.integration.test_customers_api" name="test_import_customers_invalid_price_policy" time="0.694" /><testcase classname="tests.integration.test_customers_api" name="test_import_customers_unknown_industry_reports_error" time="0.689" /><testcase classname="tests.integration.test_customers_api" name="test_import_customers_without_notes_row" time="0.660" /><testcase classname="tests.integration.test_customers_api" name="test_export_customers_success" time="0.832" /><testcase classname="tests.integration.test_customers_api" name="test_export_customers_with_filters" time="0.857" /><testcase classname="tests.integration.test_customers_api" name="test_export_customers_contains_test_data" time="0.881" /><testcase classname="tests.integration.test_customers_api" name="test_export_customers_field_consistency" time="0.896" /><testcase classname="tests.integration.test_customers_api" name="test_customers_unauthorized" time="0.651" /><testcase classname="tests.integration.test_customers_api" name="test_customers_missing_permission" time="1.692" /><testcase classname="tests.integration.test_customers_api" name="test_list_customers_filter_is_real_estate_true" time="1.102" /><testcase classname="tests.integration.test_customers_api" name="test_list_customers_filter_is_real_estate_false" time="0.776" /><testcase classname="tests.integration.test_customers_api" name="test_export_customers_filter_is_real_estate" time="0.847" /><testcase classname="tests.integration.test_customers_api" name="test_list_customers_by_industry_real_estate_erp" time="2.084" /><testcase classname="tests.integration.test_customers_api" name="test_list_customers_by_industry_erp_empty" time="0.861" /><testcase classname="tests.integration.test_customers_api" name="test_update_customer_erp_system" time="1.360" /><testcase classname="tests.integration.test_dict_routes" name="test_get_industry_types_requires_auth" time="0.758" /><testcase classname="tests.integration.test_dict_routes" name="test_get_industry_types_returns_success" time="0.649" /><testcase classname="tests.integration.test_files_api" name="test_upload_file_missing_file" time="0.697" /><testcase classname="tests.integration.test_files_api" name="test_upload_file_unauthorized" time="0.633" /><testcase classname="tests.integration.test_files_api" name="test_get_file_unauthorized" time="0.619" /><testcase classname="tests.integration.test_files_api" name="test_delete_file_unauthorized" time="0.611" /><testcase classname="tests.integration.test_files_api" name="test_upload_file_success" time="0.629" /><testcase classname="tests.integration.test_files_api" name="test_upload_file_invalid_extension" time="0.614" /><testcase classname="tests.integration.test_files_api" name="test_upload_file_too_large" time="0.708" /><testcase classname="tests.integration.test_files_api" name="test_get_file_not_found" time="0.632" /><testcase classname="tests.integration.test_files_api" name="test_delete_file_not_found" time="0.622" /><testcase classname="tests.integration.test_industry_type_routes.TestGetIndustryTypes" name="test_requires_auth" time="0.621" /><testcase classname="tests.integration.test_industry_type_routes.TestGetIndustryTypes" name="test_returns_success" time="0.623" /><testcase classname="tests.integration.test_industry_type_routes.TestCreateIndustryType" name="test_requires_auth" time="0.620" /><testcase classname="tests.integration.test_industry_type_routes.TestCreateIndustryType" name="test_creates_success" time="0.641" /><testcase classname="tests.integration.test_industry_type_routes.TestCreateIndustryType" name="test_validates_required_fields" time="1.490" /><testcase classname="tests.integration.test_industry_type_routes.TestCreateIndustryType" name="test_prevents_duplicate_name" time="1.215" /><testcase classname="tests.integration.test_industry_type_routes.TestUpdateIndustryType" name="test_requires_auth" time="0.637" /><testcase classname="tests.integration.test_industry_type_routes.TestUpdateIndustryType" name="test_updates_success" time="1.100" /><testcase classname="tests.integration.test_industry_type_routes.TestUpdateIndustryType" name="test_returns_404_for_not_found" time="0.633" /><testcase classname="tests.integration.test_industry_type_routes.TestUpdateIndustryType" name="test_validates_required_fields" time="1.076" /><testcase classname="tests.integration.test_industry_type_routes.TestUpdateIndustryType" name="test_prevents_duplicate_name" time="1.661" /><testcase classname="tests.integration.test_industry_type_routes.TestDeleteIndustryType" name="test_requires_auth" time="0.645" /><testcase classname="tests.integration.test_industry_type_routes.TestDeleteIndustryType" name="test_deletes_success" time="1.519" /><testcase classname="tests.integration.test_industry_type_routes.TestDeleteIndustryType" name="test_returns_404_for_not_found" time="0.632" /><testcase classname="tests.integration.test_migrations.TestOverLimitUnitPriceNullSemantics" name="test_upgrade_converts_exact_auto_price_to_null" time="1.082" /><testcase classname="tests.integration.test_migrations.TestOverLimitUnitPriceNullSemantics" name="test_downgrade_restores_auto_price_values" time="0.083" /><testcase classname="tests.integration.test_migrations.TestOverLimitUnitPriceNullSemantics" name="test_business_calculation_matches_migration" time="0.619" /><testcase classname="tests.integration.test_roles_api.TestGetRoles" name="test_get_roles_list" time="2.724" /><testcase classname="tests.integration.test_roles_api.TestGetRoles" name="test_get_roles_pagination" time="0.656" /><testcase classname="tests.integration.test_roles_api.TestGetRoles" name="test_get_roles_search" time="0.671" /><testcase classname="tests.integration.test_roles_api.TestCreateRole" name="test_create_role_success" time="0.647" /><testcase classname="tests.integration.test_roles_api.TestCreateRole" name="test_create_role_duplicate" time="0.645" /><testcase classname="tests.integration.test_roles_api.TestCreateRole" name="test_create_role_empty_name" time="0.639" /><testcase classname="tests.integration.test_roles_api.TestCreateRole" name="test_create_role_with_permissions" time="0.743" /><testcase classname="tests.integration.test_roles_api.TestUpdateRole" name="test_update_role_success" time="0.723" /><testcase classname="tests.integration.test_roles_api.TestUpdateRole" name="test_update_system_role_name" time="0.670" /><testcase classname="tests.integration.test_roles_api.TestUpdateRole" name="test_update_role_not_found" time="0.649" /><testcase classname="tests.integration.test_roles_api.TestAssignPermissions" name="test_assign_permissions_success" time="0.720" /><testcase classname="tests.integration.test_roles_api.TestAssignPermissions" name="test_assign_permissions_empty" time="0.964" /><testcase classname="tests.integration.test_roles_api.TestAssignPermissions" name="test_assign_permissions_invalid_id" time="0.682" /><testcase classname="tests.integration.test_roles_api.TestDeleteRole" name="test_delete_custom_role" time="0.758" /><testcase classname="tests.integration.test_roles_api.TestDeleteRole" name="test_delete_system_role" time="0.717" /><testcase classname="tests.integration.test_roles_api.TestDeleteRole" name="test_delete_role_not_found" time="0.835" /><testcase classname="tests.integration.test_roles_api.TestGetPermissions" name="test_get_permissions_list" time="1.470" /><testcase classname="tests.integration.test_roles_api.TestGetPermissions" name="test_get_permissions_structure" time="0.903" /><testcase classname="tests.integration.test_roles_api.TestApiErrorHandling" name="test_unauthorized_access" time="1.097" /><testcase classname="tests.integration.test_roles_api.TestApiErrorHandling" name="test_invalid_token" time="0.774" /><testcase classname="tests.integration.test_users_api" name="test_list_users_success" time="2.625" /><testcase classname="tests.integration.test_users_api" name="test_list_users_with_filter" time="1.818" /><testcase classname="tests.integration.test_users_api" name="test_create_user_success" time="1.847" /><testcase classname="tests.integration.test_users_api" name="test_create_user_duplicate" time="1.909" /><testcase classname="tests.integration.test_users_api" name="test_update_user_success" time="1.763" /><testcase classname="tests.integration.test_users_api" name="test_update_user_not_found" time="1.609" /><testcase classname="tests.integration.test_users_api" name="test_delete_user_success" time="1.722" /><testcase classname="tests.integration.test_users_api" name="test_upload_avatar_success" time="1.965" /></testsuite></testsuites>
